223.228.45.166 - - [29/Apr/2026:09:15:14 +0530] "GET /socket.io/?EIO=4&transport=websocket HTTP/1.1" 200 329 "-" "Mozilla/5.0 (Linux; Android 10; K) AppleWebKit/537.36 (KHTML, like Gecko) Chrome/147.0.0.0 Mobile Safari/537.36"
223.228.45.166 - - [29/Apr/2026:09:15:19 +0530] "GET /socket.io/?EIO=4&transport=websocket HTTP/1.1" 200 329 "-" "Mozilla/5.0 (Linux; Android 10; K) AppleWebKit/537.36 (KHTML, like Gecko) Chrome/147.0.0.0 Mobile Safari/537.36"
223.228.45.166 - - [29/Apr/2026:09:15:24 +0530] "GET /socket.io/?EIO=4&transport=websocket HTTP/1.1" 200 329 "-" "Mozilla/5.0 (Linux; Android 10; K) AppleWebKit/537.36 (KHTML, like Gecko) Chrome/147.0.0.0 Mobile Safari/537.36"
223.228.45.166 - - [29/Apr/2026:09:15:29 +0530] "GET /socket.io/?EIO=4&transport=websocket HTTP/1.1" 200 329 "-" "Mozilla/5.0 (Linux; Android 10; K) AppleWebKit/537.36 (KHTML, like Gecko) Chrome/147.0.0.0 Mobile Safari/537.36"
223.228.45.166 - - [29/Apr/2026:09:15:35 +0530] "GET /socket.io/?EIO=4&transport=websocket HTTP/1.1" 200 329 "-" "Mozilla/5.0 (Linux; Android 10; K) AppleWebKit/537.36 (KHTML, like Gecko) Chrome/147.0.0.0 Mobile Safari/537.36"
223.228.45.166 - - [29/Apr/2026:09:15:41 +0530] "GET /socket.io/?EIO=4&transport=websocket HTTP/1.1" 200 329 "-" "Mozilla/5.0 (Linux; Android 10; K) AppleWebKit/537.36 (KHTML, like Gecko) Chrome/147.0.0.0 Mobile Safari/537.36"
152.58.15.115 - - [29/Apr/2026:09:15:48 +0530] "GET /api/app/dashboard/stats HTTP/1.1" 200 130 "-" "Dart/3.9 (dart:io)"
152.58.15.115 - - [29/Apr/2026:09:15:49 +0530] "GET /api/app/dashboard/counts HTTP/1.1" 200 164 "-" "Dart/3.9 (dart:io)"
152.58.15.115 - - [29/Apr/2026:09:15:49 +0530] "GET /api/app/dashboard/counts HTTP/1.1" 200 164 "-" "Dart/3.9 (dart:io)"
152.58.15.115 - - [29/Apr/2026:09:15:49 +0530] "GET /api/app/dashboard/stats HTTP/1.1" 200 130 "-" "Dart/3.9 (dart:io)"
152.58.15.115 - - [29/Apr/2026:09:15:49 +0530] "GET /api/app/appointments/today?page=1&limit=10 HTTP/1.1" 200 719 "-" "Dart/3.9 (dart:io)"
152.58.15.115 - - [29/Apr/2026:09:15:50 +0530] "GET /api/app/appointments/upcoming?page=1&limit=10 HTTP/1.1" 200 105 "-" "Dart/3.9 (dart:io)"
152.58.15.115 - - [29/Apr/2026:09:15:50 +0530] "GET /api/app/appointments?page=1&limit=10 HTTP/1.1" 200 1911 "-" "Dart/3.9 (dart:io)"
152.58.15.115 - - [29/Apr/2026:09:15:51 +0530] "GET /api/app/dashboard/stats HTTP/1.1" 200 130 "-" "Dart/3.9 (dart:io)"
152.58.14.219 - - [29/Apr/2026:09:15:51 +0530] "GET /api/app/appointments/today?page=1&limit=10 HTTP/1.1" 200 719 "-" "Dart/3.9 (dart:io)"
152.58.15.115 - - [29/Apr/2026:09:15:59 +0530] "GET /api/app/appointments/654 HTTP/1.1" 200 733 "-" "Dart/3.9 (dart:io)"
103.79.166.127 - - [29/Apr/2026:09:16:07 +0530] "GET /api/appointments/center/confirmed?page=1&limit=10&q=&sortBy=id&sortOrder=desc&customerCategory=&centerId=5 HTTP/1.1" 304 - "https://lifemedconnect.com/appointments/confirmed" "Mozilla/5.0 (Linux; Android 10; K) AppleWebKit/537.36 (KHTML, like Gecko) Chrome/147.0.0.0 Mobile Safari/537.36"
103.79.166.127 - - [29/Apr/2026:09:16:19 +0530] "GET /api/appointments/center/confirmed?page=1&limit=10&q=Ri&sortBy=&sortOrder=desc&customerCategory=&centerId=5 HTTP/1.1" 500 52 "https://lifemedconnect.com/appointments/confirmed" "Mozilla/5.0 (Linux; Android 10; K) AppleWebKit/537.36 (KHTML, like Gecko) Chrome/147.0.0.0 Mobile Safari/537.36"
103.79.166.127 - - [29/Apr/2026:09:16:20 +0530] "GET /api/appointments/center/confirmed?page=1&limit=10&q=Rid&sortBy=&sortOrder=desc&customerCategory=&centerId=5 HTTP/1.1" 500 52 "https://lifemedconnect.com/appointments/confirmed" "Mozilla/5.0 (Linux; Android 10; K) AppleWebKit/537.36 (KHTML, like Gecko) Chrome/147.0.0.0 Mobile Safari/537.36"
152.58.15.115 - - [29/Apr/2026:09:17:27 +0530] "POST /api/app/appointments/654/upload-docs-images HTTP/1.1" 200 332 "-" "Dart/3.9 (dart:io)"
152.58.15.115 - - [29/Apr/2026:09:17:32 +0530] "GET /api/app/appointments/654/update-medical-status?medical_status=arrived HTTP/1.1" 200 140 "-" "Dart/3.9 (dart:io)"
152.58.15.115 - - [29/Apr/2026:09:17:32 +0530] "GET /api/app/appointments/654 HTTP/1.1" 200 745 "-" "Dart/3.9 (dart:io)"
223.228.45.166 - - [29/Apr/2026:09:17:37 +0530] "GET /sign-in?redirectUrl=/dashboard HTTP/1.1" 200 329 "-" "Mozilla/5.0 (Linux; Android 10; K) AppleWebKit/537.36 (KHTML, like Gecko) Chrome/147.0.0.0 Mobile Safari/537.36"
223.228.45.166 - - [29/Apr/2026:09:17:37 +0530] "GET /favicon.ico HTTP/1.1" 200 35172 "https://lifemedconnect.com/sign-in?redirectUrl=/dashboard" "Mozilla/5.0 (Linux; Android 10; K) AppleWebKit/537.36 (KHTML, like Gecko) Chrome/147.0.0.0 Mobile Safari/537.36"
223.228.45.166 - - [29/Apr/2026:09:17:37 +0530] "GET /socket.io/?EIO=4&transport=websocket HTTP/1.1" 200 329 "-" "Mozilla/5.0 (Linux; Android 10; K) AppleWebKit/537.36 (KHTML, like Gecko) Chrome/147.0.0.0 Mobile Safari/537.36"
223.228.45.166 - - [29/Apr/2026:09:17:39 +0530] "GET /socket.io/?EIO=4&transport=websocket HTTP/1.1" 200 329 "-" "Mozilla/5.0 (Linux; Android 10; K) AppleWebKit/537.36 (KHTML, like Gecko) Chrome/147.0.0.0 Mobile Safari/537.36"
223.228.45.166 - - [29/Apr/2026:09:17:41 +0530] "GET /socket.io/?EIO=4&transport=websocket HTTP/1.1" 200 329 "-" "Mozilla/5.0 (Linux; Android 10; K) AppleWebKit/537.36 (KHTML, like Gecko) Chrome/147.0.0.0 Mobile Safari/537.36"
152.58.15.115 - - [29/Apr/2026:09:17:43 +0530] "POST /api/app/appointments/654/medical-status HTTP/1.1" 200 265 "-" "Dart/3.9 (dart:io)"
152.58.15.115 - - [29/Apr/2026:09:17:43 +0530] "GET /api/app/appointments/654 HTTP/1.1" 200 741 "-" "Dart/3.9 (dart:io)"
223.228.45.166 - - [29/Apr/2026:09:17:46 +0530] "GET /socket.io/?EIO=4&transport=websocket HTTP/1.1" 200 329 "-" "Mozilla/5.0 (Linux; Android 10; K) AppleWebKit/537.36 (KHTML, like Gecko) Chrome/147.0.0.0 Mobile Safari/537.36"
223.228.45.166 - - [29/Apr/2026:09:17:51 +0530] "GET /socket.io/?EIO=4&transport=websocket HTTP/1.1" 200 329 "-" "Mozilla/5.0 (Linux; Android 10; K) AppleWebKit/537.36 (KHTML, like Gecko) Chrome/147.0.0.0 Mobile Safari/537.36"
152.58.14.219 - - [29/Apr/2026:09:17:53 +0530] "POST /api/app/appointments/654/medical-status HTTP/1.1" 200 234 "-" "Dart/3.9 (dart:io)"
152.58.15.115 - - [29/Apr/2026:09:17:54 +0530] "GET /api/app/appointments/654 HTTP/1.1" 200 740 "-" "Dart/3.9 (dart:io)"
223.228.45.166 - - [29/Apr/2026:09:17:56 +0530] "GET /socket.io/?EIO=4&transport=websocket HTTP/1.1" 200 329 "-" "Mozilla/5.0 (Linux; Android 10; K) AppleWebKit/537.36 (KHTML, like Gecko) Chrome/147.0.0.0 Mobile Safari/537.36"
152.58.15.115 - - [29/Apr/2026:09:17:57 +0530] "GET /api/app/appointments/today?page=1&limit=10 HTTP/1.1" 200 105 "-" "Dart/3.9 (dart:io)"
152.58.15.115 - - [29/Apr/2026:09:17:59 +0530] "GET /api/app/dashboard/stats HTTP/1.1" 200 130 "-" "Dart/3.9 (dart:io)"
223.228.45.166 - - [29/Apr/2026:09:18:01 +0530] "GET /api/csrf-token HTTP/1.1" 200 117 "https://lifemedconnect.com/sign-in?redirectUrl=/dashboard" "Mozilla/5.0 (Linux; Android 10; K) AppleWebKit/537.36 (KHTML, like Gecko) Chrome/147.0.0.0 Mobile Safari/537.36"
223.228.45.166 - - [29/Apr/2026:09:18:01 +0530] "GET /socket.io/?EIO=4&transport=websocket HTTP/1.1" 200 329 "-" "Mozilla/5.0 (Linux; Android 10; K) AppleWebKit/537.36 (KHTML, like Gecko) Chrome/147.0.0.0 Mobile Safari/537.36"
223.228.45.166 - - [29/Apr/2026:09:18:01 +0530] "POST /api/auth/login HTTP/1.1" 401 50 "https://lifemedconnect.com/sign-in?redirectUrl=/dashboard" "Mozilla/5.0 (Linux; Android 10; K) AppleWebKit/537.36 (KHTML, like Gecko) Chrome/147.0.0.0 Mobile Safari/537.36"
152.58.15.115 - - [29/Apr/2026:09:18:02 +0530] "GET /api/app/appointments/today?page=1&limit=10 HTTP/1.1" 200 105 "-" "Dart/3.9 (dart:io)"
152.58.15.115 - - [29/Apr/2026:09:18:03 +0530] "GET /api/app/dashboard/stats HTTP/1.1" 200 130 "-" "Dart/3.9 (dart:io)"
152.58.15.115 - - [29/Apr/2026:09:18:04 +0530] "GET /api/app/dashboard/counts HTTP/1.1" 200 164 "-" "Dart/3.9 (dart:io)"
152.58.15.115 - - [29/Apr/2026:09:18:04 +0530] "GET /api/app/appointments/today?page=1&limit=10 HTTP/1.1" 200 105 "-" "Dart/3.9 (dart:io)"
152.58.15.115 - - [29/Apr/2026:09:18:04 +0530] "GET /api/app/appointments/upcoming?page=1&limit=10 HTTP/1.1" 200 105 "-" "Dart/3.9 (dart:io)"
223.228.45.166 - - [29/Apr/2026:09:18:06 +0530] "GET /socket.io/?EIO=4&transport=websocket HTTP/1.1" 200 329 "-" "Mozilla/5.0 (Linux; Android 10; K) AppleWebKit/537.36 (KHTML, like Gecko) Chrome/147.0.0.0 Mobile Safari/537.36"
152.58.15.115 - - [29/Apr/2026:09:18:09 +0530] "GET /api/app/dashboard/counts HTTP/1.1" 200 164 "-" "Dart/3.9 (dart:io)"
152.58.15.115 - - [29/Apr/2026:09:18:09 +0530] "GET /api/app/appointments/today?page=1&limit=10 HTTP/1.1" 200 105 "-" "Dart/3.9 (dart:io)"
152.58.15.115 - - [29/Apr/2026:09:18:09 +0530] "GET /api/app/appointments/upcoming?page=1&limit=10 HTTP/1.1" 200 105 "-" "Dart/3.9 (dart:io)"
152.58.15.115 - - [29/Apr/2026:09:18:10 +0530] "GET /api/app/dashboard/counts HTTP/1.1" 200 164 "-" "Dart/3.9 (dart:io)"
152.58.15.115 - - [29/Apr/2026:09:18:10 +0530] "GET /api/app/appointments/today?page=1&limit=10 HTTP/1.1" 200 105 "-" "Dart/3.9 (dart:io)"
152.58.15.115 - - [29/Apr/2026:09:18:11 +0530] "GET /api/app/appointments/upcoming?page=1&limit=10 HTTP/1.1" 200 105 "-" "Dart/3.9 (dart:io)"
223.228.45.166 - - [29/Apr/2026:09:18:12 +0530] "GET /socket.io/?EIO=4&transport=websocket HTTP/1.1" 200 329 "-" "Mozilla/5.0 (Linux; Android 10; K) AppleWebKit/537.36 (KHTML, like Gecko) Chrome/147.0.0.0 Mobile Safari/537.36"
152.58.15.115 - - [29/Apr/2026:09:18:13 +0530] "GET /api/app/appointments?page=1&limit=10 HTTP/1.1" 200 1906 "-" "Dart/3.9 (dart:io)"
223.228.45.166 - - [29/Apr/2026:09:18:17 +0530] "GET /socket.io/?EIO=4&transport=websocket HTTP/1.1" 200 329 "-" "Mozilla/5.0 (Linux; Android 10; K) AppleWebKit/537.36 (KHTML, like Gecko) Chrome/147.0.0.0 Mobile Safari/537.36"
223.228.45.166 - - [29/Apr/2026:09:18:22 +0530] "GET /socket.io/?EIO=4&transport=websocket HTTP/1.1" 200 329 "-" "Mozilla/5.0 (Linux; Android 10; K) AppleWebKit/537.36 (KHTML, like Gecko) Chrome/147.0.0.0 Mobile Safari/537.36"
223.228.45.166 - - [29/Apr/2026:09:18:22 +0530] "POST /api/auth/login HTTP/1.1" 401 50 "https://lifemedconnect.com/sign-in?redirectUrl=/dashboard" "Mozilla/5.0 (Linux; Android 10; K) AppleWebKit/537.36 (KHTML, like Gecko) Chrome/147.0.0.0 Mobile Safari/537.36"
106.192.215.216 - - [29/Apr/2026:09:18:25 +0530] "POST /api/app/appointments/579/medical-status HTTP/1.1" 200 234 "-" "Dart/3.9 (dart:io)"
106.192.215.216 - - [29/Apr/2026:09:18:25 +0530] "GET /api/app/appointments/579 HTTP/1.1" 200 726 "-" "Dart/3.9 (dart:io)"
106.192.215.216 - - [29/Apr/2026:09:18:34 +0530] "GET /api/app/dashboard/stats HTTP/1.1" 200 135 "-" "Dart/3.9 (dart:io)"
223.228.45.166 - - [29/Apr/2026:09:18:39 +0530] "POST /api/auth/login HTTP/1.1" 401 50 "https://lifemedconnect.com/sign-in?redirectUrl=/dashboard" "Mozilla/5.0 (Linux; Android 10; K) AppleWebKit/537.36 (KHTML, like Gecko) Chrome/147.0.0.0 Mobile Safari/537.36"
152.58.6.0 - - [29/Apr/2026:09:18:42 +0530] "GET /api/app/dashboard/stats HTTP/1.1" 200 131 "-" "Dart/3.9 (dart:io)"
152.58.14.193 - - [29/Apr/2026:09:18:42 +0530] "GET /api/app/appointments?page=1&limit=10 HTTP/1.1" 200 2579 "-" "Dart/3.9 (dart:io)"
152.58.14.193 - - [29/Apr/2026:09:18:42 +0530] "GET /api/app/dashboard/stats HTTP/1.1" 200 131 "-" "Dart/3.9 (dart:io)"
152.58.14.193 - - [29/Apr/2026:09:18:42 +0530] "GET /api/app/appointments/today?page=1&limit=10 HTTP/1.1" 200 1084 "-" "Dart/3.9 (dart:io)"
152.58.14.193 - - [29/Apr/2026:09:18:42 +0530] "GET /api/app/appointments/upcoming?page=1&limit=10 HTTP/1.1" 200 105 "-" "Dart/3.9 (dart:io)"
152.58.14.193 - - [29/Apr/2026:09:18:42 +0530] "GET /api/app/dashboard/counts HTTP/1.1" 200 165 "-" "Dart/3.9 (dart:io)"
152.58.14.193 - - [29/Apr/2026:09:18:42 +0530] "GET /api/app/dashboard/counts HTTP/1.1" 200 165 "-" "Dart/3.9 (dart:io)"
152.58.6.0 - - [29/Apr/2026:09:18:42 +0530] "GET /api/app/dashboard/stats HTTP/1.1" 200 131 "-" "Dart/3.9 (dart:io)"
152.58.14.193 - - [29/Apr/2026:09:18:45 +0530] "GET /api/app/appointments/today?page=1&limit=10 HTTP/1.1" 200 1084 "-" "Dart/3.9 (dart:io)"
152.58.14.193 - - [29/Apr/2026:09:18:47 +0530] "GET /api/app/appointments/628 HTTP/1.1" 200 811 "-" "Dart/3.9 (dart:io)"
152.58.14.193 - - [29/Apr/2026:09:18:49 +0530] "GET /api/app/appointments/628/docs-images HTTP/1.1" 200 110 "-" "Dart/3.9 (dart:io)"
152.58.14.193 - - [29/Apr/2026:09:18:50 +0530] "GET /api/app/appointments/628 HTTP/1.1" 200 811 "-" "Dart/3.9 (dart:io)"
152.58.14.193 - - [29/Apr/2026:09:19:02 +0530] "POST /api/app/appointments/628/reschedule HTTP/1.1" 200 176 "-" "Dart/3.9 (dart:io)"
152.58.14.193 - - [29/Apr/2026:09:19:02 +0530] "GET /api/app/appointments/upcoming?page=1&limit=10 HTTP/1.1" 200 817 "-" "Dart/3.9 (dart:io)"
152.58.14.193 - - [29/Apr/2026:09:19:04 +0530] "GET /api/app/appointments/today?page=1&limit=10 HTTP/1.1" 200 834 "-" "Dart/3.9 (dart:io)"
103.79.166.127 - - [29/Apr/2026:09:19:06 +0530] "GET /api/appointments/center/confirmed?page=2&limit=10&q=&sortBy=&sortOrder=desc&customerCategory=&centerId=5 HTTP/1.1" 200 2153 "https://lifemedconnect.com/appointments/confirmed" "Mozilla/5.0 (Windows NT 10.0; Win64; x64) AppleWebKit/537.36 (KHTML, like Gecko) Chrome/147.0.0.0 Safari/537.36"
223.228.45.166 - - [29/Apr/2026:09:19:11 +0530] "GET / HTTP/1.1" 200 329 "-" "Mozilla/5.0 (Linux; Android 10; K) AppleWebKit/537.36 (KHTML, like Gecko) Chrome/147.0.0.0 Mobile Safari/537.36"
223.228.45.166 - - [29/Apr/2026:09:19:11 +0530] "GET /socket.io/?EIO=4&transport=websocket HTTP/1.1" 200 329 "-" "Mozilla/5.0 (Linux; Android 10; K) AppleWebKit/537.36 (KHTML, like Gecko) Chrome/147.0.0.0 Mobile Safari/537.36"
223.228.45.166 - - [29/Apr/2026:09:19:12 +0530] "GET /socket.io/?EIO=4&transport=websocket HTTP/1.1" 200 329 "-" "Mozilla/5.0 (Linux; Android 10; K) AppleWebKit/537.36 (KHTML, like Gecko) Chrome/147.0.0.0 Mobile Safari/537.36"
223.228.45.166 - - [29/Apr/2026:09:19:14 +0530] "GET /socket.io/?EIO=4&transport=websocket HTTP/1.1" 200 329 "-" "Mozilla/5.0 (Linux; Android 10; K) AppleWebKit/537.36 (KHTML, like Gecko) Chrome/147.0.0.0 Mobile Safari/537.36"
103.79.166.127 - - [29/Apr/2026:09:19:16 +0530] "GET /api/appointments/center/confirmed?page=1&limit=10&q=&sortBy=&sortOrder=desc&customerCategory=&centerId=5 HTTP/1.1" 200 2126 "https://lifemedconnect.com/appointments/confirmed" "Mozilla/5.0 (Windows NT 10.0; Win64; x64) AppleWebKit/537.36 (KHTML, like Gecko) Chrome/147.0.0.0 Safari/537.36"
103.79.166.127 - - [29/Apr/2026:09:19:19 +0530] "GET /api/appointments/606/with-tests/center/5 HTTP/1.1" 200 837 "https://lifemedconnect.com/appointments/edit/606" "Mozilla/5.0 (Windows NT 10.0; Win64; x64) AppleWebKit/537.36 (KHTML, like Gecko) Chrome/147.0.0.0 Safari/537.36"
103.79.166.127 - - [29/Apr/2026:09:19:19 +0530] "GET /api/clients HTTP/1.1" 304 - "https://lifemedconnect.com/appointments/edit/606" "Mozilla/5.0 (Windows NT 10.0; Win64; x64) AppleWebKit/537.36 (KHTML, like Gecko) Chrome/147.0.0.0 Safari/537.36"
103.79.166.127 - - [29/Apr/2026:09:19:19 +0530] "GET /api/appointments/606/pathology/exists HTTP/1.1" 200 64 "https://lifemedconnect.com/appointments/edit/606" "Mozilla/5.0 (Windows NT 10.0; Win64; x64) AppleWebKit/537.36 (KHTML, like Gecko) Chrome/147.0.0.0 Safari/537.36"
103.79.166.127 - - [29/Apr/2026:09:19:19 +0530] "GET /api/insurers HTTP/1.1" 304 - "https://lifemedconnect.com/appointments/edit/606" "Mozilla/5.0 (Windows NT 10.0; Win64; x64) AppleWebKit/537.36 (KHTML, like Gecko) Chrome/147.0.0.0 Safari/537.36"
103.79.166.127 - - [29/Apr/2026:09:19:19 +0530] "GET /api/centers HTTP/1.1" 304 - "https://lifemedconnect.com/appointments/edit/606" "Mozilla/5.0 (Windows NT 10.0; Win64; x64) AppleWebKit/537.36 (KHTML, like Gecko) Chrome/147.0.0.0 Safari/537.36"
103.79.166.127 - - [29/Apr/2026:09:19:19 +0530] "GET /api/technicians?center_id=5&include_city_technicians=true HTTP/1.1" 304 - "https://lifemedconnect.com/appointments/edit/606" "Mozilla/5.0 (Windows NT 10.0; Win64; x64) AppleWebKit/537.36 (KHTML, like Gecko) Chrome/147.0.0.0 Safari/537.36"
223.228.45.166 - - [29/Apr/2026:09:19:20 +0530] "GET /socket.io/?EIO=4&transport=websocket HTTP/1.1" 200 329 "-" "Mozilla/5.0 (Linux; Android 10; K) AppleWebKit/537.36 (KHTML, like Gecko) Chrome/147.0.0.0 Mobile Safari/537.36"
103.79.166.127 - - [29/Apr/2026:09:19:20 +0530] "GET /api/appointments/tests-categories/by-client-insurer/11/8 HTTP/1.1" 200 502 "https://lifemedconnect.com/appointments/edit/606" "Mozilla/5.0 (Windows NT 10.0; Win64; x64) AppleWebKit/537.36 (KHTML, like Gecko) Chrome/147.0.0.0 Safari/537.36"
103.79.166.127 - - [29/Apr/2026:09:19:22 +0530] "PATCH /api/appointments/606/medical-status HTTP/1.1" 200 238 "https://lifemedconnect.com/appointments/edit/606" "Mozilla/5.0 (Windows NT 10.0; Win64; x64) AppleWebKit/537.36 (KHTML, like Gecko) Chrome/147.0.0.0 Safari/537.36"
103.79.166.127 - - [29/Apr/2026:09:19:23 +0530] "GET /api/appointments/606/with-tests/center/5 HTTP/1.1" 200 841 "https://lifemedconnect.com/appointments/confirmed" "Mozilla/5.0 (Windows NT 10.0; Win64; x64) AppleWebKit/537.36 (KHTML, like Gecko) Chrome/147.0.0.0 Safari/537.36"
103.79.166.127 - - [29/Apr/2026:09:19:23 +0530] "GET /api/appointments/center/confirmed?page=1&limit=10&q=&sortBy=id&sortOrder=desc&customerCategory=&centerId=5 HTTP/1.1" 200 2125 "https://lifemedconnect.com/appointments/confirmed" "Mozilla/5.0 (Windows NT 10.0; Win64; x64) AppleWebKit/537.36 (KHTML, like Gecko) Chrome/147.0.0.0 Safari/537.36"
223.228.45.166 - - [29/Apr/2026:09:19:25 +0530] "GET /socket.io/?EIO=4&transport=websocket HTTP/1.1" 200 329 "-" "Mozilla/5.0 (Linux; Android 10; K) AppleWebKit/537.36 (KHTML, like Gecko) Chrome/147.0.0.0 Mobile Safari/537.36"
223.228.45.166 - - [29/Apr/2026:09:19:28 +0530] "GET /api/csrf-token HTTP/1.1" 200 117 "https://lifemedconnect.com/sign-in" "Mozilla/5.0 (Linux; Android 10; K) AppleWebKit/537.36 (KHTML, like Gecko) Chrome/147.0.0.0 Mobile Safari/537.36"
223.228.45.166 - - [29/Apr/2026:09:19:28 +0530] "POST /api/auth/login HTTP/1.1" 200 862 "https://lifemedconnect.com/sign-in" "Mozilla/5.0 (Linux; Android 10; K) AppleWebKit/537.36 (KHTML, like Gecko) Chrome/147.0.0.0 Mobile Safari/537.36"
223.228.45.166 - - [29/Apr/2026:09:19:29 +0530] "GET /api/roles/3 HTTP/1.1" 304 - "https://lifemedconnect.com/dashboard" "Mozilla/5.0 (Linux; Android 10; K) AppleWebKit/537.36 (KHTML, like Gecko) Chrome/147.0.0.0 Mobile Safari/537.36"
223.228.45.166 - - [29/Apr/2026:09:19:29 +0530] "GET /api/dashboard/sidebar-counts HTTP/1.1" 200 128 "https://lifemedconnect.com/dashboard" "Mozilla/5.0 (Linux; Android 10; K) AppleWebKit/537.36 (KHTML, like Gecko) Chrome/147.0.0.0 Mobile Safari/537.36"
223.228.45.166 - - [29/Apr/2026:09:19:29 +0530] "GET /api/dashboard/analytics HTTP/1.1" 200 715 "https://lifemedconnect.com/dashboard" "Mozilla/5.0 (Linux; Android 10; K) AppleWebKit/537.36 (KHTML, like Gecko) Chrome/147.0.0.0 Mobile Safari/537.36"
223.228.45.166 - - [29/Apr/2026:09:19:29 +0530] "GET /api/dashboard/stats HTTP/1.1" 200 392 "https://lifemedconnect.com/dashboard" "Mozilla/5.0 (Linux; Android 10; K) AppleWebKit/537.36 (KHTML, like Gecko) Chrome/147.0.0.0 Mobile Safari/537.36"
223.228.45.166 - - [29/Apr/2026:09:19:29 +0530] "GET /api/dashboard/analytics HTTP/1.1" 304 - "https://lifemedconnect.com/dashboard" "Mozilla/5.0 (Linux; Android 10; K) AppleWebKit/537.36 (KHTML, like Gecko) Chrome/147.0.0.0 Mobile Safari/537.36"
223.228.45.166 - - [29/Apr/2026:09:19:30 +0530] "GET /socket.io/?EIO=4&transport=websocket HTTP/1.1" 200 329 "-" "Mozilla/5.0 (Linux; Android 10; K) AppleWebKit/537.36 (KHTML, like Gecko) Chrome/147.0.0.0 Mobile Safari/537.36"
223.228.45.166 - - [29/Apr/2026:09:19:31 +0530] "GET /api/appointments/center/confirmed?page=1&limit=10&q=&sortBy=id&sortOrder=desc&customerCategory=&centerId=3 HTTP/1.1" 200 2204 "https://lifemedconnect.com/appointments/confirmed" "Mozilla/5.0 (Linux; Android 10; K) AppleWebKit/537.36 (KHTML, like Gecko) Chrome/147.0.0.0 Mobile Safari/537.36"
223.228.45.166 - - [29/Apr/2026:09:19:35 +0530] "GET /socket.io/?EIO=4&transport=websocket HTTP/1.1" 200 329 "-" "Mozilla/5.0 (Linux; Android 10; K) AppleWebKit/537.36 (KHTML, like Gecko) Chrome/147.0.0.0 Mobile Safari/537.36"
223.228.45.166 - - [29/Apr/2026:09:19:40 +0530] "GET /socket.io/?EIO=4&transport=websocket HTTP/1.1" 200 329 "-" "Mozilla/5.0 (Linux; Android 10; K) AppleWebKit/537.36 (KHTML, like Gecko) Chrome/147.0.0.0 Mobile Safari/537.36"
223.228.45.166 - - [29/Apr/2026:09:19:46 +0530] "GET /socket.io/?EIO=4&transport=websocket HTTP/1.1" 200 329 "-" "Mozilla/5.0 (Linux; Android 10; K) AppleWebKit/537.36 (KHTML, like Gecko) Chrome/147.0.0.0 Mobile Safari/537.36"
223.228.45.166 - - [29/Apr/2026:09:19:52 +0530] "GET /socket.io/?EIO=4&transport=websocket HTTP/1.1" 200 329 "-" "Mozilla/5.0 (Linux; Android 10; K) AppleWebKit/537.36 (KHTML, like Gecko) Chrome/147.0.0.0 Mobile Safari/537.36"
223.228.45.166 - - [29/Apr/2026:09:19:57 +0530] "GET /api/appointments/623/with-tests/center/3 HTTP/1.1" 200 939 "https://lifemedconnect.com/appointments/view/623" "Mozilla/5.0 (Linux; Android 10; K) AppleWebKit/537.36 (KHTML, like Gecko) Chrome/147.0.0.0 Mobile Safari/537.36"
223.228.45.166 - - [29/Apr/2026:09:19:57 +0530] "GET /socket.io/?EIO=4&transport=websocket HTTP/1.1" 200 329 "-" "Mozilla/5.0 (Linux; Android 10; K) AppleWebKit/537.36 (KHTML, like Gecko) Chrome/147.0.0.0 Mobile Safari/537.36"
223.228.45.166 - - [29/Apr/2026:09:19:57 +0530] "GET /api/appointments/623/documents HTTP/1.1" 304 - "https://lifemedconnect.com/appointments/view/623" "Mozilla/5.0 (Linux; Android 10; K) AppleWebKit/537.36 (KHTML, like Gecko) Chrome/147.0.0.0 Mobile Safari/537.36"
223.228.45.166 - - [29/Apr/2026:09:19:57 +0530] "GET /api/appointments/623/customer-images HTTP/1.1" 304 - "https://lifemedconnect.com/appointments/view/623" "Mozilla/5.0 (Linux; Android 10; K) AppleWebKit/537.36 (KHTML, like Gecko) Chrome/147.0.0.0 Mobile Safari/537.36"
223.228.45.166 - - [29/Apr/2026:09:19:57 +0530] "GET /api/appointments/623/categorized-reports HTTP/1.1" 304 - "https://lifemedconnect.com/appointments/view/623" "Mozilla/5.0 (Linux; Android 10; K) AppleWebKit/537.36 (KHTML, like Gecko) Chrome/147.0.0.0 Mobile Safari/537.36"
223.228.45.166 - - [29/Apr/2026:09:19:57 +0530] "GET /api/clients HTTP/1.1" 304 - "https://lifemedconnect.com/appointments/view/623" "Mozilla/5.0 (Linux; Android 10; K) AppleWebKit/537.36 (KHTML, like Gecko) Chrome/147.0.0.0 Mobile Safari/537.36"
223.228.45.166 - - [29/Apr/2026:09:19:57 +0530] "GET /api/centers HTTP/1.1" 304 - "https://lifemedconnect.com/appointments/view/623" "Mozilla/5.0 (Linux; Android 10; K) AppleWebKit/537.36 (KHTML, like Gecko) Chrome/147.0.0.0 Mobile Safari/537.36"
223.228.45.166 - - [29/Apr/2026:09:19:57 +0530] "GET /api/insurers HTTP/1.1" 304 - "https://lifemedconnect.com/appointments/view/623" "Mozilla/5.0 (Linux; Android 10; K) AppleWebKit/537.36 (KHTML, like Gecko) Chrome/147.0.0.0 Mobile Safari/537.36"
223.228.45.166 - - [29/Apr/2026:09:19:57 +0530] "GET /api/technicians?center_id=3&include_city_technicians=true HTTP/1.1" 304 - "https://lifemedconnect.com/appointments/view/623" "Mozilla/5.0 (Linux; Android 10; K) AppleWebKit/537.36 (KHTML, like Gecko) Chrome/147.0.0.0 Mobile Safari/537.36"
223.228.45.166 - - [29/Apr/2026:09:19:57 +0530] "GET /api/appointments/623/pathology/exists HTTP/1.1" 304 - "https://lifemedconnect.com/appointments/view/623" "Mozilla/5.0 (Linux; Android 10; K) AppleWebKit/537.36 (KHTML, like Gecko) Chrome/147.0.0.0 Mobile Safari/537.36"
223.228.45.166 - - [29/Apr/2026:09:19:57 +0530] "GET /api/appointments/tests-categories/by-client-insurer/11/9 HTTP/1.1" 304 - "https://lifemedconnect.com/appointments/view/623" "Mozilla/5.0 (Linux; Android 10; K) AppleWebKit/537.36 (KHTML, like Gecko) Chrome/147.0.0.0 Mobile Safari/537.36"
223.228.45.166 - - [29/Apr/2026:09:20:38 +0530] "PATCH /api/appointments/623/medical-status HTTP/1.1" 200 233 "https://lifemedconnect.com/appointments/view/623" "Mozilla/5.0 (Linux; Android 10; K) AppleWebKit/537.36 (KHTML, like Gecko) Chrome/147.0.0.0 Mobile Safari/537.36"
152.58.17.249 - - [29/Apr/2026:09:20:37 +0530] "POST /api/app/appointments/673/upload-docs-images HTTP/1.1" 200 333 "-" "Dart/3.9 (dart:io)"
152.58.31.22 - - [29/Apr/2026:09:20:39 +0530] "GET /api/app/appointments/673/update-medical-status?medical_status=arrived HTTP/1.1" 200 140 "-" "Dart/3.9 (dart:io)"
152.58.17.249 - - [29/Apr/2026:09:20:40 +0530] "GET /api/app/appointments/673 HTTP/1.1" 200 708 "-" "Dart/3.9 (dart:io)"
223.228.45.166 - - [29/Apr/2026:09:20:38 +0530] "POST /api/appointments/623/documents HTTP/1.1" 200 121 "https://lifemedconnect.com/appointments/view/623" "Mozilla/5.0 (Linux; Android 10; K) AppleWebKit/537.36 (KHTML, like Gecko) Chrome/147.0.0.0 Mobile Safari/537.36"
152.58.31.22 - - [29/Apr/2026:09:20:44 +0530] "GET /api/app/appointments/673/docs-images HTTP/1.1" 200 790 "-" "Dart/3.9 (dart:io)"
152.58.31.22 - - [29/Apr/2026:09:20:44 +0530] "GET /uploads/appointment_customer_images/1777434639638-177906034.jpg HTTP/1.1" 200 388818 "-" "Dart/3.9 (dart:io)"
223.228.45.166 - - [29/Apr/2026:09:20:43 +0530] "POST /api/appointments/623/customer-images HTTP/1.1" 200 124 "https://lifemedconnect.com/appointments/view/623" "Mozilla/5.0 (Linux; Android 10; K) AppleWebKit/537.36 (KHTML, like Gecko) Chrome/147.0.0.0 Mobile Safari/537.36"
223.228.45.166 - - [29/Apr/2026:09:20:45 +0530] "GET /api/appointments/623/with-tests/center/3 HTTP/1.1" 200 943 "https://lifemedconnect.com/appointments/confirmed" "Mozilla/5.0 (Linux; Android 10; K) AppleWebKit/537.36 (KHTML, like Gecko) Chrome/147.0.0.0 Mobile Safari/537.36"
223.228.45.166 - - [29/Apr/2026:09:20:45 +0530] "GET /api/appointments/623/with-tests/center/3 HTTP/1.1" 304 - "https://lifemedconnect.com/appointments/confirmed" "Mozilla/5.0 (Linux; Android 10; K) AppleWebKit/537.36 (KHTML, like Gecko) Chrome/147.0.0.0 Mobile Safari/537.36"
223.228.45.166 - - [29/Apr/2026:09:20:45 +0530] "GET /api/appointments/center/confirmed?page=1&limit=10&q=&sortBy=id&sortOrder=desc&customerCategory=&centerId=3 HTTP/1.1" 200 2215 "https://lifemedconnect.com/appointments/confirmed" "Mozilla/5.0 (Linux; Android 10; K) AppleWebKit/537.36 (KHTML, like Gecko) Chrome/147.0.0.0 Mobile Safari/537.36"
152.58.31.22 - - [29/Apr/2026:09:20:44 +0530] "GET /uploads/appointment_documents/1777434639634-543481123.jpeg HTTP/1.1" 200 1142040 "-" "Dart/3.9 (dart:io)"
152.58.17.249 - - [29/Apr/2026:09:20:45 +0530] "GET /api/app/appointments/673 HTTP/1.1" 200 708 "-" "Dart/3.9 (dart:io)"
152.58.31.22 - - [29/Apr/2026:09:20:49 +0530] "POST /api/app/appointments/673/medical-status HTTP/1.1" 200 265 "-" "Dart/3.9 (dart:io)"
152.58.31.22 - - [29/Apr/2026:09:20:49 +0530] "GET /api/app/appointments/673 HTTP/1.1" 200 705 "-" "Dart/3.9 (dart:io)"
223.228.45.166 - - [29/Apr/2026:09:20:50 +0530] "GET /api/appointments/623/with-tests/center/3 HTTP/1.1" 304 - "https://lifemedconnect.com/appointments/view/623" "Mozilla/5.0 (Linux; Android 10; K) AppleWebKit/537.36 (KHTML, like Gecko) Chrome/147.0.0.0 Mobile Safari/537.36"
223.228.45.166 - - [29/Apr/2026:09:20:50 +0530] "GET /api/appointments/623/documents HTTP/1.1" 200 321 "https://lifemedconnect.com/appointments/view/623" "Mozilla/5.0 (Linux; Android 10; K) AppleWebKit/537.36 (KHTML, like Gecko) Chrome/147.0.0.0 Mobile Safari/537.36"
223.228.45.166 - - [29/Apr/2026:09:20:50 +0530] "GET /api/appointments/623/customer-images HTTP/1.1" 200 293 "https://lifemedconnect.com/appointments/view/623" "Mozilla/5.0 (Linux; Android 10; K) AppleWebKit/537.36 (KHTML, like Gecko) Chrome/147.0.0.0 Mobile Safari/537.36"
223.228.45.166 - - [29/Apr/2026:09:20:50 +0530] "GET /api/appointments/623/categorized-reports HTTP/1.1" 304 - "https://lifemedconnect.com/appointments/view/623" "Mozilla/5.0 (Linux; Android 10; K) AppleWebKit/537.36 (KHTML, like Gecko) Chrome/147.0.0.0 Mobile Safari/537.36"
223.228.45.166 - - [29/Apr/2026:09:20:50 +0530] "GET /api/clients HTTP/1.1" 304 - "https://lifemedconnect.com/appointments/view/623" "Mozilla/5.0 (Linux; Android 10; K) AppleWebKit/537.36 (KHTML, like Gecko) Chrome/147.0.0.0 Mobile Safari/537.36"
223.228.45.166 - - [29/Apr/2026:09:20:50 +0530] "GET /api/centers HTTP/1.1" 304 - "https://lifemedconnect.com/appointments/view/623" "Mozilla/5.0 (Linux; Android 10; K) AppleWebKit/537.36 (KHTML, like Gecko) Chrome/147.0.0.0 Mobile Safari/537.36"
223.228.45.166 - - [29/Apr/2026:09:20:50 +0530] "GET /api/insurers HTTP/1.1" 304 - "https://lifemedconnect.com/appointments/view/623" "Mozilla/5.0 (Linux; Android 10; K) AppleWebKit/537.36 (KHTML, like Gecko) Chrome/147.0.0.0 Mobile Safari/537.36"
223.228.45.166 - - [29/Apr/2026:09:20:50 +0530] "GET /api/technicians?center_id=3&include_city_technicians=true HTTP/1.1" 304 - "https://lifemedconnect.com/appointments/view/623" "Mozilla/5.0 (Linux; Android 10; K) AppleWebKit/537.36 (KHTML, like Gecko) Chrome/147.0.0.0 Mobile Safari/537.36"
223.228.45.166 - - [29/Apr/2026:09:20:50 +0530] "GET /api/appointments/623/pathology/exists HTTP/1.1" 304 - "https://lifemedconnect.com/appointments/view/623" "Mozilla/5.0 (Linux; Android 10; K) AppleWebKit/537.36 (KHTML, like Gecko) Chrome/147.0.0.0 Mobile Safari/537.36"
223.228.45.166 - - [29/Apr/2026:09:20:50 +0530] "GET /api/appointments/tests-categories/by-client-insurer/11/9 HTTP/1.1" 304 - "https://lifemedconnect.com/appointments/view/623" "Mozilla/5.0 (Linux; Android 10; K) AppleWebKit/537.36 (KHTML, like Gecko) Chrome/147.0.0.0 Mobile Safari/537.36"
223.228.45.166 - - [29/Apr/2026:09:20:50 +0530] "GET /uploads/appointment_documents/appointment_623/user_40/1777434643478-359705930.jpg HTTP/1.1" 200 104878 "https://lifemedconnect.com/appointments/view/623" "Mozilla/5.0 (Linux; Android 10; K) AppleWebKit/537.36 (KHTML, like Gecko) Chrome/147.0.0.0 Mobile Safari/537.36"
223.228.45.166 - - [29/Apr/2026:09:20:50 +0530] "GET /uploads/appointment_customer_images/CASE/26/04/0574/1777434644784-310898955.jpg HTTP/1.1" 200 92510 "https://lifemedconnect.com/appointments/view/623" "Mozilla/5.0 (Linux; Android 10; K) AppleWebKit/537.36 (KHTML, like Gecko) Chrome/147.0.0.0 Mobile Safari/537.36"
223.228.45.166 - - [29/Apr/2026:09:20:52 +0530] "PATCH /api/appointments/623/medical-status HTTP/1.1" 200 236 "https://lifemedconnect.com/appointments/view/623" "Mozilla/5.0 (Linux; Android 10; K) AppleWebKit/537.36 (KHTML, like Gecko) Chrome/147.0.0.0 Mobile Safari/537.36"
223.228.45.166 - - [29/Apr/2026:09:20:52 +0530] "GET /api/appointments/623/with-tests/center/3 HTTP/1.1" 200 942 "https://lifemedconnect.com/appointments/confirmed" "Mozilla/5.0 (Linux; Android 10; K) AppleWebKit/537.36 (KHTML, like Gecko) Chrome/147.0.0.0 Mobile Safari/537.36"
223.228.45.166 - - [29/Apr/2026:09:20:52 +0530] "GET /api/appointments/623/with-tests/center/3 HTTP/1.1" 304 - "https://lifemedconnect.com/appointments/confirmed" "Mozilla/5.0 (Linux; Android 10; K) AppleWebKit/537.36 (KHTML, like Gecko) Chrome/147.0.0.0 Mobile Safari/537.36"
223.228.45.166 - - [29/Apr/2026:09:20:52 +0530] "GET /api/appointments/center/confirmed?page=1&limit=10&q=&sortBy=id&sortOrder=desc&customerCategory=&centerId=3 HTTP/1.1" 200 2203 "https://lifemedconnect.com/appointments/confirmed" "Mozilla/5.0 (Linux; Android 10; K) AppleWebKit/537.36 (KHTML, like Gecko) Chrome/147.0.0.0 Mobile Safari/537.36"
223.228.45.166 - - [29/Apr/2026:09:20:58 +0530] "GET /api/appointments/623/with-tests/center/3 HTTP/1.1" 304 - "https://lifemedconnect.com/appointments/view/623" "Mozilla/5.0 (Linux; Android 10; K) AppleWebKit/537.36 (KHTML, like Gecko) Chrome/147.0.0.0 Mobile Safari/537.36"
223.228.45.166 - - [29/Apr/2026:09:20:58 +0530] "GET /api/appointments/623/documents HTTP/1.1" 304 - "https://lifemedconnect.com/appointments/view/623" "Mozilla/5.0 (Linux; Android 10; K) AppleWebKit/537.36 (KHTML, like Gecko) Chrome/147.0.0.0 Mobile Safari/537.36"
223.228.45.166 - - [29/Apr/2026:09:20:58 +0530] "GET /api/appointments/623/customer-images HTTP/1.1" 304 - "https://lifemedconnect.com/appointments/view/623" "Mozilla/5.0 (Linux; Android 10; K) AppleWebKit/537.36 (KHTML, like Gecko) Chrome/147.0.0.0 Mobile Safari/537.36"
223.228.45.166 - - [29/Apr/2026:09:20:58 +0530] "GET /api/appointments/623/categorized-reports HTTP/1.1" 304 - "https://lifemedconnect.com/appointments/view/623" "Mozilla/5.0 (Linux; Android 10; K) AppleWebKit/537.36 (KHTML, like Gecko) Chrome/147.0.0.0 Mobile Safari/537.36"
223.228.45.166 - - [29/Apr/2026:09:20:58 +0530] "GET /api/clients HTTP/1.1" 304 - "https://lifemedconnect.com/appointments/view/623" "Mozilla/5.0 (Linux; Android 10; K) AppleWebKit/537.36 (KHTML, like Gecko) Chrome/147.0.0.0 Mobile Safari/537.36"
223.228.45.166 - - [29/Apr/2026:09:20:58 +0530] "GET /api/centers HTTP/1.1" 304 - "https://lifemedconnect.com/appointments/view/623" "Mozilla/5.0 (Linux; Android 10; K) AppleWebKit/537.36 (KHTML, like Gecko) Chrome/147.0.0.0 Mobile Safari/537.36"
223.228.45.166 - - [29/Apr/2026:09:20:58 +0530] "GET /api/insurers HTTP/1.1" 304 - "https://lifemedconnect.com/appointments/view/623" "Mozilla/5.0 (Linux; Android 10; K) AppleWebKit/537.36 (KHTML, like Gecko) Chrome/147.0.0.0 Mobile Safari/537.36"
223.228.45.166 - - [29/Apr/2026:09:20:58 +0530] "GET /api/technicians?center_id=3&include_city_technicians=true HTTP/1.1" 304 - "https://lifemedconnect.com/appointments/view/623" "Mozilla/5.0 (Linux; Android 10; K) AppleWebKit/537.36 (KHTML, like Gecko) Chrome/147.0.0.0 Mobile Safari/537.36"
223.228.45.166 - - [29/Apr/2026:09:20:58 +0530] "GET /api/appointments/623/pathology/exists HTTP/1.1" 304 - "https://lifemedconnect.com/appointments/view/623" "Mozilla/5.0 (Linux; Android 10; K) AppleWebKit/537.36 (KHTML, like Gecko) Chrome/147.0.0.0 Mobile Safari/537.36"
223.228.45.166 - - [29/Apr/2026:09:20:58 +0530] "GET /uploads/appointment_customer_images/CASE/26/04/0574/1777434644784-310898955.jpg HTTP/1.1" 304 - "https://lifemedconnect.com/appointments/view/623" "Mozilla/5.0 (Linux; Android 10; K) AppleWebKit/537.36 (KHTML, like Gecko) Chrome/147.0.0.0 Mobile Safari/537.36"
223.228.45.166 - - [29/Apr/2026:09:20:58 +0530] "GET /uploads/appointment_documents/appointment_623/user_40/1777434643478-359705930.jpg HTTP/1.1" 304 - "https://lifemedconnect.com/appointments/view/623" "Mozilla/5.0 (Linux; Android 10; K) AppleWebKit/537.36 (KHTML, like Gecko) Chrome/147.0.0.0 Mobile Safari/537.36"
223.228.45.166 - - [29/Apr/2026:09:20:58 +0530] "GET /api/appointments/tests-categories/by-client-insurer/11/9 HTTP/1.1" 304 - "https://lifemedconnect.com/appointments/view/623" "Mozilla/5.0 (Linux; Android 10; K) AppleWebKit/537.36 (KHTML, like Gecko) Chrome/147.0.0.0 Mobile Safari/537.36"
223.228.45.166 - - [29/Apr/2026:09:21:04 +0530] "PATCH /api/appointments/623/medical-status HTTP/1.1" 200 234 "https://lifemedconnect.com/appointments/view/623" "Mozilla/5.0 (Linux; Android 10; K) AppleWebKit/537.36 (KHTML, like Gecko) Chrome/147.0.0.0 Mobile Safari/537.36"
223.228.45.166 - - [29/Apr/2026:09:21:04 +0530] "GET /api/appointments/623/with-tests/center/3 HTTP/1.1" 200 953 "https://lifemedconnect.com/appointments/reportque" "Mozilla/5.0 (Linux; Android 10; K) AppleWebKit/537.36 (KHTML, like Gecko) Chrome/147.0.0.0 Mobile Safari/537.36"
223.228.45.166 - - [29/Apr/2026:09:21:05 +0530] "GET /api/appointments/623/with-tests/center/3 HTTP/1.1" 304 - "https://lifemedconnect.com/appointments/reportque" "Mozilla/5.0 (Linux; Android 10; K) AppleWebKit/537.36 (KHTML, like Gecko) Chrome/147.0.0.0 Mobile Safari/537.36"
223.228.45.166 - - [29/Apr/2026:09:21:05 +0530] "GET /api/appointments/center/report?page=1&limit=10&q=&sortBy=id&sortOrder=desc HTTP/1.1" 200 1142 "https://lifemedconnect.com/appointments/reportque" "Mozilla/5.0 (Linux; Android 10; K) AppleWebKit/537.36 (KHTML, like Gecko) Chrome/147.0.0.0 Mobile Safari/537.36"
223.228.45.166 - - [29/Apr/2026:09:21:13 +0530] "GET /api/appointments/611/with-tests/center/3 HTTP/1.1" 200 858 "https://lifemedconnect.com/appointments/view/611" "Mozilla/5.0 (Linux; Android 10; K) AppleWebKit/537.36 (KHTML, like Gecko) Chrome/147.0.0.0 Mobile Safari/537.36"
223.228.45.166 - - [29/Apr/2026:09:21:13 +0530] "GET /api/appointments/611/documents HTTP/1.1" 200 306 "https://lifemedconnect.com/appointments/view/611" "Mozilla/5.0 (Linux; Android 10; K) AppleWebKit/537.36 (KHTML, like Gecko) Chrome/147.0.0.0 Mobile Safari/537.36"
223.228.45.166 - - [29/Apr/2026:09:21:13 +0530] "GET /api/appointments/611/customer-images HTTP/1.1" 200 297 "https://lifemedconnect.com/appointments/view/611" "Mozilla/5.0 (Linux; Android 10; K) AppleWebKit/537.36 (KHTML, like Gecko) Chrome/147.0.0.0 Mobile Safari/537.36"
223.228.45.166 - - [29/Apr/2026:09:21:13 +0530] "GET /api/appointments/611/categorized-reports HTTP/1.1" 200 140 "https://lifemedconnect.com/appointments/view/611" "Mozilla/5.0 (Linux; Android 10; K) AppleWebKit/537.36 (KHTML, like Gecko) Chrome/147.0.0.0 Mobile Safari/537.36"
223.228.45.166 - - [29/Apr/2026:09:21:13 +0530] "GET /api/appointments/611/pathology/exists HTTP/1.1" 200 64 "https://lifemedconnect.com/appointments/view/611" "Mozilla/5.0 (Linux; Android 10; K) AppleWebKit/537.36 (KHTML, like Gecko) Chrome/147.0.0.0 Mobile Safari/537.36"
223.228.45.166 - - [29/Apr/2026:09:21:13 +0530] "GET /api/technicians?center_id=3&include_city_technicians=true HTTP/1.1" 304 - "https://lifemedconnect.com/appointments/view/611" "Mozilla/5.0 (Linux; Android 10; K) AppleWebKit/537.36 (KHTML, like Gecko) Chrome/147.0.0.0 Mobile Safari/537.36"
223.228.45.166 - - [29/Apr/2026:09:21:13 +0530] "GET /api/clients HTTP/1.1" 304 - "https://lifemedconnect.com/appointments/view/611" "Mozilla/5.0 (Linux; Android 10; K) AppleWebKit/537.36 (KHTML, like Gecko) Chrome/147.0.0.0 Mobile Safari/537.36"
223.228.45.166 - - [29/Apr/2026:09:21:13 +0530] "GET /api/centers HTTP/1.1" 304 - "https://lifemedconnect.com/appointments/view/611" "Mozilla/5.0 (Linux; Android 10; K) AppleWebKit/537.36 (KHTML, like Gecko) Chrome/147.0.0.0 Mobile Safari/537.36"
223.228.45.166 - - [29/Apr/2026:09:21:13 +0530] "GET /api/insurers HTTP/1.1" 304 - "https://lifemedconnect.com/appointments/view/611" "Mozilla/5.0 (Linux; Android 10; K) AppleWebKit/537.36 (KHTML, like Gecko) Chrome/147.0.0.0 Mobile Safari/537.36"
223.228.45.166 - - [29/Apr/2026:09:21:13 +0530] "GET /uploads/appointment_documents/appointment_611/user_17/1777368720304-387409384.jpg HTTP/1.1" 200 56097 "https://lifemedconnect.com/appointments/view/611" "Mozilla/5.0 (Linux; Android 10; K) AppleWebKit/537.36 (KHTML, like Gecko) Chrome/147.0.0.0 Mobile Safari/537.36"
223.228.45.166 - - [29/Apr/2026:09:21:13 +0530] "GET /api/appointments/tests-categories/by-client-insurer/11/9 HTTP/1.1" 304 - "https://lifemedconnect.com/appointments/view/611" "Mozilla/5.0 (Linux; Android 10; K) AppleWebKit/537.36 (KHTML, like Gecko) Chrome/147.0.0.0 Mobile Safari/537.36"
223.228.45.166 - - [29/Apr/2026:09:21:13 +0530] "GET /uploads/appointment_customer_images/CASE/26/04/0562/1777368720457-26786042.jpg HTTP/1.1" 200 154033 "https://lifemedconnect.com/appointments/view/611" "Mozilla/5.0 (Linux; Android 10; K) AppleWebKit/537.36 (KHTML, like Gecko) Chrome/147.0.0.0 Mobile Safari/537.36"
152.58.31.22 - - [29/Apr/2026:09:21:04 +0530] "POST /api/app/appointments/673/medical-status HTTP/1.1" 200 234 "-" "Dart/3.9 (dart:io)"
152.58.31.22 - - [29/Apr/2026:09:21:14 +0530] "GET /api/app/appointments/673 HTTP/1.1" 200 704 "-" "Dart/3.9 (dart:io)"
223.228.45.166 - - [29/Apr/2026:09:21:19 +0530] "GET /img/countries/IN.png HTTP/1.1" 200 3524 "https://lifemedconnect.com/appointments/view/623" "Mozilla/5.0 (Linux; Android 10; K) AppleWebKit/537.36 (KHTML, like Gecko) Chrome/147.0.0.0 Mobile Safari/537.36"
103.79.166.127 - - [29/Apr/2026:09:21:27 +0530] "GET /api/appointments/607/with-tests/center/5 HTTP/1.1" 200 837 "https://lifemedconnect.com/appointments/edit/607" "Mozilla/5.0 (Linux; Android 10; K) AppleWebKit/537.36 (KHTML, like Gecko) Chrome/147.0.0.0 Mobile Safari/537.36"
103.79.166.127 - - [29/Apr/2026:09:21:28 +0530] "GET /api/appointments/607/pathology/exists HTTP/1.1" 200 64 "https://lifemedconnect.com/appointments/edit/607" "Mozilla/5.0 (Linux; Android 10; K) AppleWebKit/537.36 (KHTML, like Gecko) Chrome/147.0.0.0 Mobile Safari/537.36"
103.79.166.127 - - [29/Apr/2026:09:21:28 +0530] "GET /api/clients HTTP/1.1" 304 - "https://lifemedconnect.com/appointments/edit/607" "Mozilla/5.0 (Linux; Android 10; K) AppleWebKit/537.36 (KHTML, like Gecko) Chrome/147.0.0.0 Mobile Safari/537.36"
103.79.166.127 - - [29/Apr/2026:09:21:28 +0530] "GET /api/centers HTTP/1.1" 304 - "https://lifemedconnect.com/appointments/edit/607" "Mozilla/5.0 (Linux; Android 10; K) AppleWebKit/537.36 (KHTML, like Gecko) Chrome/147.0.0.0 Mobile Safari/537.36"
103.79.166.127 - - [29/Apr/2026:09:21:28 +0530] "GET /api/insurers HTTP/1.1" 304 - "https://lifemedconnect.com/appointments/edit/607" "Mozilla/5.0 (Linux; Android 10; K) AppleWebKit/537.36 (KHTML, like Gecko) Chrome/147.0.0.0 Mobile Safari/537.36"
103.79.166.127 - - [29/Apr/2026:09:21:28 +0530] "GET /api/technicians?center_id=5&include_city_technicians=true HTTP/1.1" 304 - "https://lifemedconnect.com/appointments/edit/607" "Mozilla/5.0 (Linux; Android 10; K) AppleWebKit/537.36 (KHTML, like Gecko) Chrome/147.0.0.0 Mobile Safari/537.36"
103.79.166.127 - - [29/Apr/2026:09:21:28 +0530] "GET /api/appointments/tests-categories/by-client-insurer/11/8 HTTP/1.1" 304 - "https://lifemedconnect.com/appointments/edit/607" "Mozilla/5.0 (Linux; Android 10; K) AppleWebKit/537.36 (KHTML, like Gecko) Chrome/147.0.0.0 Mobile Safari/537.36"
223.228.45.166 - - [29/Apr/2026:09:21:29 +0530] "GET /api/appointments/center/report?page=1&limit=10&q=&sortBy=id&sortOrder=desc HTTP/1.1" 304 - "https://lifemedconnect.com/appointments/reportque" "Mozilla/5.0 (Linux; Android 10; K) AppleWebKit/537.36 (KHTML, like Gecko) Chrome/147.0.0.0 Mobile Safari/537.36"
106.210.165.80 - - [29/Apr/2026:09:21:32 +0530] "GET /api/app/appointments/637 HTTP/1.1" 200 930 "-" "Dart/3.9 (dart:io)"
223.228.45.166 - - [29/Apr/2026:09:21:36 +0530] "GET /api/dashboard/stats HTTP/1.1" 200 390 "https://lifemedconnect.com/dashboard" "Mozilla/5.0 (Linux; Android 10; K) AppleWebKit/537.36 (KHTML, like Gecko) Chrome/147.0.0.0 Mobile Safari/537.36"
223.228.45.166 - - [29/Apr/2026:09:21:36 +0530] "GET /api/dashboard/analytics HTTP/1.1" 200 724 "https://lifemedconnect.com/dashboard" "Mozilla/5.0 (Linux; Android 10; K) AppleWebKit/537.36 (KHTML, like Gecko) Chrome/147.0.0.0 Mobile Safari/537.36"
223.228.45.166 - - [29/Apr/2026:09:21:36 +0530] "GET /api/dashboard/analytics HTTP/1.1" 304 - "https://lifemedconnect.com/dashboard" "Mozilla/5.0 (Linux; Android 10; K) AppleWebKit/537.36 (KHTML, like Gecko) Chrome/147.0.0.0 Mobile Safari/537.36"
223.228.45.166 - - [29/Apr/2026:09:21:37 +0530] "GET /api/appointments/center/confirmed?page=1&limit=10&q=&sortBy=id&sortOrder=desc&customerCategory=&centerId=3 HTTP/1.1" 200 2166 "https://lifemedconnect.com/appointments/confirmed" "Mozilla/5.0 (Linux; Android 10; K) AppleWebKit/537.36 (KHTML, like Gecko) Chrome/147.0.0.0 Mobile Safari/537.36"
223.228.45.166 - - [29/Apr/2026:09:21:41 +0530] "GET /api/appointments/648/with-tests/center/3 HTTP/1.1" 200 877 "https://lifemedconnect.com/appointments/view/648" "Mozilla/5.0 (Linux; Android 10; K) AppleWebKit/537.36 (KHTML, like Gecko) Chrome/147.0.0.0 Mobile Safari/537.36"
223.228.45.166 - - [29/Apr/2026:09:21:41 +0530] "GET /api/appointments/648/documents HTTP/1.1" 200 50 "https://lifemedconnect.com/appointments/view/648" "Mozilla/5.0 (Linux; Android 10; K) AppleWebKit/537.36 (KHTML, like Gecko) Chrome/147.0.0.0 Mobile Safari/537.36"
223.228.45.166 - - [29/Apr/2026:09:21:41 +0530] "GET /api/appointments/648/customer-images HTTP/1.1" 200 50 "https://lifemedconnect.com/appointments/view/648" "Mozilla/5.0 (Linux; Android 10; K) AppleWebKit/537.36 (KHTML, like Gecko) Chrome/147.0.0.0 Mobile Safari/537.36"
223.228.45.166 - - [29/Apr/2026:09:21:41 +0530] "GET /api/appointments/648/pathology/exists HTTP/1.1" 200 64 "https://lifemedconnect.com/appointments/view/648" "Mozilla/5.0 (Linux; Android 10; K) AppleWebKit/537.36 (KHTML, like Gecko) Chrome/147.0.0.0 Mobile Safari/537.36"
223.228.45.166 - - [29/Apr/2026:09:21:41 +0530] "GET /api/appointments/648/categorized-reports HTTP/1.1" 200 140 "https://lifemedconnect.com/appointments/view/648" "Mozilla/5.0 (Linux; Android 10; K) AppleWebKit/537.36 (KHTML, like Gecko) Chrome/147.0.0.0 Mobile Safari/537.36"
223.228.45.166 - - [29/Apr/2026:09:21:41 +0530] "GET /api/centers HTTP/1.1" 304 - "https://lifemedconnect.com/appointments/view/648" "Mozilla/5.0 (Linux; Android 10; K) AppleWebKit/537.36 (KHTML, like Gecko) Chrome/147.0.0.0 Mobile Safari/537.36"
223.228.45.166 - - [29/Apr/2026:09:21:41 +0530] "GET /api/clients HTTP/1.1" 304 - "https://lifemedconnect.com/appointments/view/648" "Mozilla/5.0 (Linux; Android 10; K) AppleWebKit/537.36 (KHTML, like Gecko) Chrome/147.0.0.0 Mobile Safari/537.36"
223.228.45.166 - - [29/Apr/2026:09:21:41 +0530] "GET /api/insurers HTTP/1.1" 304 - "https://lifemedconnect.com/appointments/view/648" "Mozilla/5.0 (Linux; Android 10; K) AppleWebKit/537.36 (KHTML, like Gecko) Chrome/147.0.0.0 Mobile Safari/537.36"
223.228.45.166 - - [29/Apr/2026:09:21:41 +0530] "GET /api/technicians?center_id=3&include_city_technicians=true HTTP/1.1" 304 - "https://lifemedconnect.com/appointments/view/648" "Mozilla/5.0 (Linux; Android 10; K) AppleWebKit/537.36 (KHTML, like Gecko) Chrome/147.0.0.0 Mobile Safari/537.36"
223.228.45.166 - - [29/Apr/2026:09:21:42 +0530] "GET /api/appointments/tests-categories/by-client-insurer/4/6 HTTP/1.1" 200 2082 "https://lifemedconnect.com/appointments/view/648" "Mozilla/5.0 (Linux; Android 10; K) AppleWebKit/537.36 (KHTML, like Gecko) Chrome/147.0.0.0 Mobile Safari/537.36"
103.79.166.127 - - [29/Apr/2026:09:22:29 +0530] "PATCH /api/appointments/607/medical-status HTTP/1.1" 200 235 "https://lifemedconnect.com/appointments/edit/607" "Mozilla/5.0 (Linux; Android 10; K) AppleWebKit/537.36 (KHTML, like Gecko) Chrome/147.0.0.0 Mobile Safari/537.36"
103.79.166.127 - - [29/Apr/2026:09:22:29 +0530] "POST /api/appointments/607/documents HTTP/1.1" 200 121 "https://lifemedconnect.com/appointments/edit/607" "Mozilla/5.0 (Linux; Android 10; K) AppleWebKit/537.36 (KHTML, like Gecko) Chrome/147.0.0.0 Mobile Safari/537.36"
103.79.166.127 - - [29/Apr/2026:09:22:30 +0530] "POST /api/appointments/607/customer-images HTTP/1.1" 200 124 "https://lifemedconnect.com/appointments/edit/607" "Mozilla/5.0 (Linux; Android 10; K) AppleWebKit/537.36 (KHTML, like Gecko) Chrome/147.0.0.0 Mobile Safari/537.36"
103.79.166.127 - - [29/Apr/2026:09:22:30 +0530] "GET /api/appointments/607/with-tests/center/5 HTTP/1.1" 200 840 "https://lifemedconnect.com/appointments/confirmed" "Mozilla/5.0 (Linux; Android 10; K) AppleWebKit/537.36 (KHTML, like Gecko) Chrome/147.0.0.0 Mobile Safari/537.36"
103.79.166.127 - - [29/Apr/2026:09:22:30 +0530] "GET /api/appointments/center/confirmed?page=1&limit=10&q=&sortBy=id&sortOrder=desc&customerCategory=&centerId=5 HTTP/1.1" 200 2148 "https://lifemedconnect.com/appointments/confirmed" "Mozilla/5.0 (Linux; Android 10; K) AppleWebKit/537.36 (KHTML, like Gecko) Chrome/147.0.0.0 Mobile Safari/537.36"
103.79.166.127 - - [29/Apr/2026:09:22:39 +0530] "GET /api/appointments/607/with-tests/center/5 HTTP/1.1" 304 - "https://lifemedconnect.com/appointments/edit/607" "Mozilla/5.0 (Linux; Android 10; K) AppleWebKit/537.36 (KHTML, like Gecko) Chrome/147.0.0.0 Mobile Safari/537.36"
103.79.166.127 - - [29/Apr/2026:09:22:39 +0530] "GET /api/centers HTTP/1.1" 304 - "https://lifemedconnect.com/appointments/edit/607" "Mozilla/5.0 (Linux; Android 10; K) AppleWebKit/537.36 (KHTML, like Gecko) Chrome/147.0.0.0 Mobile Safari/537.36"
103.79.166.127 - - [29/Apr/2026:09:22:39 +0530] "GET /api/appointments/607/pathology/exists HTTP/1.1" 304 - "https://lifemedconnect.com/appointments/edit/607" "Mozilla/5.0 (Linux; Android 10; K) AppleWebKit/537.36 (KHTML, like Gecko) Chrome/147.0.0.0 Mobile Safari/537.36"
103.79.166.127 - - [29/Apr/2026:09:22:39 +0530] "GET /api/clients HTTP/1.1" 304 - "https://lifemedconnect.com/appointments/edit/607" "Mozilla/5.0 (Linux; Android 10; K) AppleWebKit/537.36 (KHTML, like Gecko) Chrome/147.0.0.0 Mobile Safari/537.36"
103.79.166.127 - - [29/Apr/2026:09:22:39 +0530] "GET /api/insurers HTTP/1.1" 304 - "https://lifemedconnect.com/appointments/edit/607" "Mozilla/5.0 (Linux; Android 10; K) AppleWebKit/537.36 (KHTML, like Gecko) Chrome/147.0.0.0 Mobile Safari/537.36"
103.79.166.127 - - [29/Apr/2026:09:22:39 +0530] "GET /api/technicians?center_id=5&include_city_technicians=true HTTP/1.1" 304 - "https://lifemedconnect.com/appointments/edit/607" "Mozilla/5.0 (Linux; Android 10; K) AppleWebKit/537.36 (KHTML, like Gecko) Chrome/147.0.0.0 Mobile Safari/537.36"
103.79.166.127 - - [29/Apr/2026:09:22:39 +0530] "GET /api/appointments/tests-categories/by-client-insurer/11/8 HTTP/1.1" 304 - "https://lifemedconnect.com/appointments/edit/607" "Mozilla/5.0 (Linux; Android 10; K) AppleWebKit/537.36 (KHTML, like Gecko) Chrome/147.0.0.0 Mobile Safari/537.36"
103.79.166.127 - - [29/Apr/2026:09:22:41 +0530] "PATCH /api/appointments/607/medical-status HTTP/1.1" 200 238 "https://lifemedconnect.com/appointments/edit/607" "Mozilla/5.0 (Linux; Android 10; K) AppleWebKit/537.36 (KHTML, like Gecko) Chrome/147.0.0.0 Mobile Safari/537.36"
103.79.166.127 - - [29/Apr/2026:09:22:41 +0530] "GET /api/appointments/607/with-tests/center/5 HTTP/1.1" 200 841 "https://lifemedconnect.com/appointments/confirmed" "Mozilla/5.0 (Linux; Android 10; K) AppleWebKit/537.36 (KHTML, like Gecko) Chrome/147.0.0.0 Mobile Safari/537.36"
103.79.166.127 - - [29/Apr/2026:09:22:41 +0530] "GET /api/appointments/center/confirmed?page=1&limit=10&q=&sortBy=id&sortOrder=desc&customerCategory=&centerId=5 HTTP/1.1" 200 2123 "https://lifemedconnect.com/appointments/confirmed" "Mozilla/5.0 (Linux; Android 10; K) AppleWebKit/537.36 (KHTML, like Gecko) Chrome/147.0.0.0 Mobile Safari/537.36"
